###############################################################################
#                                                                             #
# IAR C/C++ Compiler V7.51A/W32 for 8051                21/Aug/2013  17:04:49 #
# Copyright 2004-2009 IAR Systems AB.                                         #
#                                                                             #
#    Core               =  plain                                              #
#    Code model         =  banked                                             #
#    Data model         =  large                                              #
#    Calling convention =  xdata reentrant                                    #
#    Constant location  =  data_rom                                           #
#    Dptr setup         =  1,16                                               #
#    Source file        =  D:\GitHub\z-stack\Sensor Network                   #
#                          Example\Projects\zstack\Sensor Network             #
#                          Application\ZIGBEE Coordinator &                   #
#                          Router\Source\zcl_zigbee receiver_data.c           #
#    Command line       =  -f "D:\GitHub\z-stack\Sensor Network               #
#                          Example\Projects\zstack\Sensor Network             #
#                          Application\ZIGBEE Coordinator &                   #
#                          Router\CC2530DB\..\..\..\Tools\CC2530DB\f8wCoord.c #
#                          fg" (-DCPU32MHZ -DROOT=__near_func                 #
#                          -DMAC_CFG_APP_PENDING_QUEUE=TRUE                   #
#                          -DZDO_COORDINATOR -DRTR_NWK -DBLINK_LEDS) -f       #
#                          "D:\GitHub\z-stack\Sensor Network                  #
#                          Example\Projects\zstack\Sensor Network             #
#                          Application\ZIGBEE Coordinator &                   #
#                          Router\CC2530DB\..\..\..\Tools\CC2530DB\f8wConfig. #
#                          cfg" (-DSECURE=0 -DZG_SECURE_DYNAMIC=0             #
#                          -DREFLECTOR -DDEFAULT_CHANLIST=0x00000800          #
#                          -DZDAPP_CONFIG_PAN_ID=0xFFFF                       #
#                          -DNWK_START_DELAY=100 -DEXTENDED_JOINING_RANDOM_MA #
#                          SK=0x007F -DBEACON_REQUEST_DELAY=100               #
#                          -DBEACON_REQ_DELAY_MASK=0x00FF                     #
#                          -DROUTE_EXPIRY_TIME=30 -DAPSC_ACK_WAIT_DURATION_PO #
#                          LLED=3000 -DNWK_INDIRECT_MSG_TIMEOUT=7             #
#                          -DMAX_RREQ_ENTRIES=8 -DAPSC_MAX_FRAME_RETRIES=3    #
#                          -DNWK_MAX_DATA_RETRIES=2                           #
#                          -DMAX_POLL_FAILURE_RETRIES=2 -DMAX_BCAST=9         #
#                          -DAPS_MAX_GROUPS=16 -DMAX_RTG_ENTRIES=40           #
#                          -DNWK_MAX_BINDING_ENTRIES=4                        #
#                          -DMAX_BINDING_CLUSTER_IDS=4 "-DDEFAULT_KEY={0x01,  #
#                          0x03, 0x05, 0x07, 0x09, 0x0B, 0x0D, 0x0F, 0x00,    #
#                          0x02, 0x04, 0x06, 0x08, 0x0A, 0x0C, 0x0D}"         #
#                          -DMAC_MAX_FRAME_SIZE=116 "-DCONST=const __code"    #
#                          -DGENERIC=__generic -DRFD_RCVC_ALWAYS_ON=TRUE      #
#                          -DPOLL_RATE=1000 -DQUEUED_POLL_RATE=100            #
#                          -DRESPONSE_POLL_RATE=100 -DREJOIN_POLL_RATE=440)   #
#                          -f "D:\GitHub\z-stack\Sensor Network               #
#                          Example\Projects\zstack\Sensor Network             #
#                          Application\ZIGBEE Coordinator &                   #
#                          Router\CC2530DB\..\..\..\Tools\CC2530DB\f8wZCL.cfg #
#                          " (-DZCL_READ -DZCL_WRITE -DZCL_BASIC              #
#                          -DZCL_IDENTIFY -DZCL_ON_OFF -DZCL_KEY_ESTABLISH    #
#                          -DZCL_LOAD_CONTROL -DZCL_SIMPLE_METERING           #
#                          -DZCL_PRICING) -DZCL_MESSAGE                       #
#                          "D:\GitHub\z-stack\Sensor Network                  #
#                          Example\Projects\zstack\Sensor Network             #
#                          Application\ZIGBEE Coordinator &                   #
#                          Router\Source\zcl_zigbee receiver_data.c" -D       #
#                          CC2530 -D ZTOOL_P1 -D MT_TASK -D MT_APP_FUNC -D    #
#                          MT_SYS_FUNC -D MT_ZDO_FUNC -D LCD_SUPPORTED=DEBUG  #
#                          -D Coor_receiver -D xHAL_KEYPAD -D xPA2591 -lC     #
#                          "D:\GitHub\z-stack\Sensor Network                  #
#                          Example\Projects\zstack\Sensor Network             #
#                          Application\ZIGBEE Coordinator &                   #
#                          Router\CC2530DB\Coordinator_KB_PA\List\" -lA       #
#                          "D:\GitHub\z-stack\Sensor Network                  #
#                          Example\Projects\zstack\Sensor Network             #
#                          Application\ZIGBEE Coordinator &                   #
#                          Router\CC2530DB\Coordinator_KB_PA\List\"           #
#                          --diag_suppress Pe001,Pa010 -o                     #
#                          "D:\GitHub\z-stack\Sensor Network                  #
#                          Example\Projects\zstack\Sensor Network             #
#                          Application\ZIGBEE Coordinator &                   #
#                          Router\CC2530DB\Coordinator_KB_PA\Obj\" -e         #
#                          --require_prototypes --debug --core=plain          #
#                          --dptr=16,1 --data_model=large                     #
#                          --code_model=banked --calling_convention=xdata_ree #
#                          ntrant --place_constants=data_rom                  #
#                          --nr_virtual_regs 16 -I "D:\GitHub\z-stack\Sensor  #
#                          Network Example\Projects\zstack\Sensor Network     #
#                          Application\ZIGBEE Coordinator &                   #
#                          Router\CC2530DB\" -I "D:\GitHub\z-stack\Sensor     #
#                          Network Example\Projects\zstack\Sensor Network     #
#                          Application\ZIGBEE Coordinator &                   #
#                          Router\CC2530DB\..\SOURCE\" -I                     #
#                          "D:\GitHub\z-stack\Sensor Network                  #
#                          Example\Projects\zstack\Sensor Network             #
#                          Application\ZIGBEE Coordinator &                   #
#                          Router\CC2530DB\..\..\SOURCE\" -I                  #
#                          "D:\GitHub\z-stack\Sensor Network                  #
#                          Example\Projects\zstack\Sensor Network             #
#                          Application\ZIGBEE Coordinator &                   #
#                          Router\CC2530DB\..\..\..\ZMAIN\TI2530DB\" -I       #
#                          "D:\GitHub\z-stack\Sensor Network                  #
#                          Example\Projects\zstack\Sensor Network             #
#                          Application\ZIGBEE Coordinator &                   #
#                          Router\CC2530DB\..\..\..\..\..\COMPONENTS\MT\" -I  #
#                          "D:\GitHub\z-stack\Sensor Network                  #
#                          Example\Projects\zstack\Sensor Network             #
#                          Application\ZIGBEE Coordinator &                   #
#                          Router\CC2530DB\..\..\..\..\..\COMPONENTS\HAL\INCL #
#                          UDE\" -I "D:\GitHub\z-stack\Sensor Network         #
#                          Example\Projects\zstack\Sensor Network             #
#                          Application\ZIGBEE Coordinator &                   #
#                          Router\CC2530DB\..\..\..\..\..\COMPONENTS\HAL\TARG #
#                          ET\CC2530KB\" -I "D:\GitHub\z-stack\Sensor         #
#                          Network Example\Projects\zstack\Sensor Network     #
#                          Application\ZIGBEE Coordinator &                   #
#                          Router\CC2530DB\..\..\..\..\..\COMPONENTS\OSAL\MCU #
#                          \CCSOC\" -I "D:\GitHub\z-stack\Sensor Network      #
#                          Example\Projects\zstack\Sensor Network             #
#                          Application\ZIGBEE Coordinator &                   #
#                          Router\CC2530DB\..\..\..\..\..\COMPONENTS\OSAL\INC #
#                          LUDE\" -I "D:\GitHub\z-stack\Sensor Network        #
#                          Example\Projects\zstack\Sensor Network             #
#                          Application\ZIGBEE Coordinator &                   #
#                          Router\CC2530DB\..\..\..\..\..\COMPONENTS\STACK\AF #
#                          \" -I "D:\GitHub\z-stack\Sensor Network            #
#                          Example\Projects\zstack\Sensor Network             #
#                          Application\ZIGBEE Coordinator &                   #
#                          Router\CC2530DB\..\..\..\..\..\COMPONENTS\STACK\NW #
#                          K\" -I "D:\GitHub\z-stack\Sensor Network           #
#                          Example\Projects\zstack\Sensor Network             #
#                          Application\ZIGBEE Coordinator &                   #
#                          Router\CC2530DB\..\..\..\..\..\COMPONENTS\STACK\SE #
#                          C\" -I "D:\GitHub\z-stack\Sensor Network           #
#                          Example\Projects\zstack\Sensor Network             #
#                          Application\ZIGBEE Coordinator &                   #
#                          Router\CC2530DB\..\..\..\..\..\COMPONENTS\STACK\SA #
#                          PI\" -I "D:\GitHub\z-stack\Sensor Network          #
#                          Example\Projects\zstack\Sensor Network             #
#                          Application\ZIGBEE Coordinator &                   #
#                          Router\CC2530DB\..\..\..\..\..\COMPONENTS\STACK\SY #
#                          S\" -I "D:\GitHub\z-stack\Sensor Network           #
#                          Example\Projects\zstack\Sensor Network             #
#                          Application\ZIGBEE Coordinator &                   #
#                          Router\CC2530DB\..\..\..\..\..\COMPONENTS\STACK\ZC #
#                          L\" -I "D:\GitHub\z-stack\Sensor Network           #
#                          Example\Projects\zstack\Sensor Network             #
#                          Application\ZIGBEE Coordinator &                   #
#                          Router\CC2530DB\..\..\..\..\..\COMPONENTS\STACK\ZD #
#                          O\" -I "D:\GitHub\z-stack\Sensor Network           #
#                          Example\Projects\zstack\Sensor Network             #
#                          Application\ZIGBEE Coordinator &                   #
#                          Router\CC2530DB\..\..\..\..\..\COMPONENTS\ZMAC\F8W #
#                          \" -I "D:\GitHub\z-stack\Sensor Network            #
#                          Example\Projects\zstack\Sensor Network             #
#                          Application\ZIGBEE Coordinator &                   #
#                          Router\CC2530DB\..\..\..\..\..\COMPONENTS\ZMAC\"   #
#                          -I "D:\GitHub\z-stack\Sensor Network               #
#                          Example\Projects\zstack\Sensor Network             #
#                          Application\ZIGBEE Coordinator &                   #
#                          Router\CC2530DB\..\..\..\..\..\COMPONENTS\SERVICES #
#                          \SADDR\" -I "D:\GitHub\z-stack\Sensor Network      #
#                          Example\Projects\zstack\Sensor Network             #
#                          Application\ZIGBEE Coordinator &                   #
#                          Router\CC2530DB\..\..\..\..\..\COMPONENTS\SERVICES #
#                          \SDATA\" -I "D:\GitHub\z-stack\Sensor Network      #
#                          Example\Projects\zstack\Sensor Network             #
#                          Application\ZIGBEE Coordinator &                   #
#                          Router\CC2530DB\..\..\..\..\..\COMPONENTS\MAC\INCL #
#                          UDE\" -I "D:\GitHub\z-stack\Sensor Network         #
#                          Example\Projects\zstack\Sensor Network             #
#                          Application\ZIGBEE Coordinator &                   #
#                          Router\CC2530DB\..\..\..\..\..\COMPONENTS\MAC\HIGH #
#                          _LEVEL\" -I "D:\GitHub\z-stack\Sensor Network      #
#                          Example\Projects\zstack\Sensor Network             #
#                          Application\ZIGBEE Coordinator &                   #
#                          Router\CC2530DB\..\..\..\..\..\COMPONENTS\MAC\LOW_ #
#                          LEVEL\srf04\" -I "D:\GitHub\z-stack\Sensor         #
#                          Network Example\Projects\zstack\Sensor Network     #
#                          Application\ZIGBEE Coordinator &                   #
#                          Router\CC2530DB\..\..\..\..\..\COMPONENTS\MAC\LOW_ #
#                          LEVEL\srf04\SINGLE_CHIP\" -I "C:\Program Files     #
#                          (x86)\IAR Systems\Embedded Workbench               #
#                          5.3\8051\INC\" -I "C:\Program Files (x86)\IAR      #
#                          Systems\Embedded Workbench 5.3\8051\INC\CLIB\"     #
#                          -Ohz                                               #
#    List file          =  D:\GitHub\z-stack\Sensor Network                   #
#                          Example\Projects\zstack\Sensor Network             #
#                          Application\ZIGBEE Coordinator &                   #
#                          Router\CC2530DB\Coordinator_KB_PA\List\zcl_zigbee  #
#                          receiver_data.lst                                  #
#    Object file        =  D:\GitHub\z-stack\Sensor Network                   #
#                          Example\Projects\zstack\Sensor Network             #
#                          Application\ZIGBEE Coordinator &                   #
#                          Router\CC2530DB\Coordinator_KB_PA\Obj\zcl_zigbee   #
#                          receiver_data.r51                                  #
#                                                                             #
#                                                                             #
###############################################################################

D:\GitHub\z-stack\Sensor Network Example\Projects\zstack\Sensor Network Application\ZIGBEE Coordinator & Router\Source\zcl_zigbee receiver_data.c
      1          #include "ZComDef.h"
      2          #include "OSAL.h"
      3          #include "AF.h"
      4          #include "ZDConfig.h"
      5          #include "zcl.h"
      6          #include "zcl_general.h"
      7          #include "zcl_ha.h"
      8          #include "zcl_zigbee receiver.h"
      9          
     10          #define SAMPLELIGHT_DEVICE_VERSION     0
     11          #define SAMPLELIGHT_FLAGS              0
     12          
     13          #define SAMPLELIGHT_HWVERSION          1
     14          #define SAMPLELIGHT_ZCLVERSION         1
     15          
     16          // Basic Cluster

   \                                 In  segment XDATA_ROM_C, align 1
     17          const uint8 zclSampleLight_HWRevision = SAMPLELIGHT_HWVERSION;
   \                     zclSampleLight_HWRevision:
   \   000000   01           DB 1

   \                                 In  segment XDATA_ROM_C, align 1
     18          const uint8 zclSampleLight_ZCLVersion = SAMPLELIGHT_ZCLVERSION;
   \                     zclSampleLight_ZCLVersion:
   \   000000   01           DB 1

   \                                 In  segment XDATA_ROM_C, align 1
     19          const uint8 zclSampleLight_ManufacturerName[] = { 16, 'T','e','x','a','s','I','n','s','t','r','u','m','e','n','t','s' };
   \                     zclSampleLight_ManufacturerName:
   \   000000   10546578     DB 16, 84, 101, 120, 97, 115, 73, 110, 115, 116, 114, 117, 109, 101
   \            6173496E
   \            73747275
   \            6D65    
   \   00000E   6E7473       DB 110, 116, 115

   \                                 In  segment XDATA_ROM_C, align 1
     20          const uint8 zclSampleLight_ModelId[] = { 16, 'T','I','0','0','0','1',' ',' ',' ',' ',' ',' ',' ',' ',' ',' ' };
   \                     zclSampleLight_ModelId:
   \   000000   10544930     DB 16, 84, 73, 48, 48, 48, 49, 32, 32, 32, 32, 32, 32, 32, 32, 32, 32
   \            30303120
   \            20202020
   \            20202020
   \            20      

   \                                 In  segment XDATA_ROM_C, align 1
     21          const uint8 zclSampleLight_DateCode[] = { 16, '2','0','0','6','0','8','3','1',' ',' ',' ',' ',' ',' ',' ',' ' };
   \                     zclSampleLight_DateCode:
   \   000000   10323030     DB 16, 50, 48, 48, 54, 48, 56, 51, 49, 32, 32, 32, 32, 32, 32, 32, 32
   \            36303833
   \            31202020
   \            20202020
   \            20      

   \                                 In  segment XDATA_ROM_C, align 1
     22          const uint8 zclSampleLight_PowerSource = POWER_SOURCE_MAINS_1_PHASE;
   \                     zclSampleLight_PowerSource:
   \   000000   01           DB 1
     23          

   \                                 In  segment XDATA_I, align 1, keep-with-next
     24          uint8 zclSampleLight_LocationDescription[17] = { 16, ' ',' ',' ',' ',' ',' ',' ',' ',' ',' ',' ',' ',' ',' ',' ',' ' };
   \                     zclSampleLight_LocationDescription:
   \   000000                DS 17
   \   000011                REQUIRE `?<Initializer for zclSampleLight_LocationDescr`
   \   000011                REQUIRE __INIT_XDATA_I

   \                                 In  segment XDATA_Z, align 1, keep-with-next
     25          uint8 zclSampleLight_PhysicalEnvironment = 0;
   \                     zclSampleLight_PhysicalEnvironment:
   \   000000                DS 1
   \   000001                REQUIRE __INIT_XDATA_Z

   \                                 In  segment XDATA_I, align 1, keep-with-next
     26          uint8 zclSampleLight_DeviceEnable = DEVICE_ENABLED;
   \                     zclSampleLight_DeviceEnable:
   \   000000                DS 1
   \   000001                REQUIRE `?<Initializer for zclSampleLight_DeviceEnable>`
   \   000001                REQUIRE __INIT_XDATA_I
     27          
     28          // Identify Cluster

   \                                 In  segment XDATA_Z, align 1, keep-with-next
     29          uint16 zclZigbeeRecv_IdentifyTime = 0;
   \                     zclZigbeeRecv_IdentifyTime:
   \   000000                DS 2
   \   000002                REQUIRE __INIT_XDATA_Z
     30          
     31          // On/Off Cluster

   \                                 In  segment XDATA_Z, align 1, keep-with-next
     32          uint8  zclZigbeeRecv_OnOff = LIGHT_OFF;
   \                     zclZigbeeRecv_OnOff:
   \   000000                DS 1
   \   000001                REQUIRE __INIT_XDATA_Z
     33          
     34          /*********************************************************************
     35           * ATTRIBUTE DEFINITIONS - Uses REAL cluster IDs
     36           */

   \                                 In  segment CODE_C, align 1
     37          CONST zclAttrRec_t zclZigbeeRecv_Attrs[ZIGBEERECV_MAX_ATTRIBUTES] =
   \                     zclZigbeeRecv_Attrs:
   \   000000   00000300     DW 0, 3
   \   000004   2001         DB 32, 1
   \   000006   ....0000     DW zclSampleLight_HWRevision, 0, 0
   \            0000    
   \   00000C   2001         DB 32, 1
   \   00000E   ....0000     DW zclSampleLight_ZCLVersion, 0, 4
   \            0400    
   \   000014   4201         DB 66, 1
   \   000016   ....0000     DW zclSampleLight_ManufacturerName, 0, 5
   \            0500    
   \   00001C   4201         DB 66, 1
   \   00001E   ....0000     DW zclSampleLight_ModelId, 0, 6
   \            0600    
   \   000024   4201         DB 66, 1
   \   000026   ....0000     DW zclSampleLight_DateCode, 0, 7
   \            0700    
   \   00002C   2001         DB 32, 1
   \   00002E   ....0000     DW zclSampleLight_PowerSource, 0, 16
   \            1000    
   \   000034   4203         DB 66, 3
   \   000036   ....0000     DW zclSampleLight_LocationDescription, 0, 17
   \            1100    
   \   00003C   2003         DB 32, 3
   \   00003E   ....0000     DW zclSampleLight_PhysicalEnvironment, 0, 18
   \            1200    
   \   000044   1003         DB 16, 3
   \   000046   ....0300     DW zclSampleLight_DeviceEnable, 3, 0
   \            0000    
   \   00004C   2103         DB 33, 3
   \   00004E   ....0600     DW zclZigbeeRecv_IdentifyTime, 6, 0
   \            0000    
   \   000054   2001         DB 32, 1
   \   000056   ....         DW zclZigbeeRecv_OnOff
   \   000058   00000000     DB 0, 0, 0, 0, 0, 0, 0, 0
   \            00000000
     38          {
     39            // *** General Basic Cluster Attributes ***
     40            {
     41              ZCL_CLUSTER_ID_GEN_BASIC,             // Cluster IDs - defined in the foundation (ie. zcl.h)
     42              {  // Attribute record
     43                ATTRID_BASIC_HW_VERSION,            // Attribute ID - Found in Cluster Library header (ie. zcl_general.h)
     44                ZCL_DATATYPE_UINT8,                 // Data Type - found in zcl.h
     45                ACCESS_CONTROL_READ,                // Variable access control - found in zcl.h
     46                (void *)&zclSampleLight_HWRevision  // Pointer to attribute variable
     47              }
     48            },
     49            {
     50              ZCL_CLUSTER_ID_GEN_BASIC,
     51              { // Attribute record
     52                ATTRID_BASIC_ZCL_VERSION,
     53                ZCL_DATATYPE_UINT8,
     54                ACCESS_CONTROL_READ,
     55                (void *)&zclSampleLight_ZCLVersion
     56              }
     57            },
     58            {
     59              ZCL_CLUSTER_ID_GEN_BASIC,
     60              { // Attribute record
     61                ATTRID_BASIC_MANUFACTURER_NAME,
     62                ZCL_DATATYPE_CHAR_STR,
     63                ACCESS_CONTROL_READ,
     64                (void *)zclSampleLight_ManufacturerName
     65              }
     66            },
     67            {
     68              ZCL_CLUSTER_ID_GEN_BASIC,
     69              { // Attribute record
     70                ATTRID_BASIC_MODEL_ID,
     71                ZCL_DATATYPE_CHAR_STR,
     72                ACCESS_CONTROL_READ,
     73                (void *)zclSampleLight_ModelId
     74              }
     75            },
     76            {
     77              ZCL_CLUSTER_ID_GEN_BASIC,
     78              { // Attribute record
     79                ATTRID_BASIC_DATE_CODE,
     80                ZCL_DATATYPE_CHAR_STR,
     81                ACCESS_CONTROL_READ,
     82                (void *)zclSampleLight_DateCode
     83              }
     84            },
     85            {
     86              ZCL_CLUSTER_ID_GEN_BASIC,
     87              { // Attribute record
     88                ATTRID_BASIC_POWER_SOURCE,
     89                ZCL_DATATYPE_UINT8,
     90                ACCESS_CONTROL_READ,
     91                (void *)&zclSampleLight_PowerSource
     92              }
     93            },
     94            {
     95              ZCL_CLUSTER_ID_GEN_BASIC,
     96              { // Attribute record
     97                ATTRID_BASIC_LOCATION_DESC,
     98                ZCL_DATATYPE_CHAR_STR,
     99                (ACCESS_CONTROL_READ | ACCESS_CONTROL_WRITE),
    100                (void *)zclSampleLight_LocationDescription
    101              }
    102            },
    103            {
    104              ZCL_CLUSTER_ID_GEN_BASIC,
    105              { // Attribute record
    106                ATTRID_BASIC_PHYSICAL_ENV,
    107                ZCL_DATATYPE_UINT8,
    108                (ACCESS_CONTROL_READ | ACCESS_CONTROL_WRITE),
    109                (void *)&zclSampleLight_PhysicalEnvironment
    110              }
    111            },
    112            {
    113              ZCL_CLUSTER_ID_GEN_BASIC,
    114              { // Attribute record
    115                ATTRID_BASIC_DEVICE_ENABLED,
    116                ZCL_DATATYPE_BOOLEAN,
    117                (ACCESS_CONTROL_READ | ACCESS_CONTROL_WRITE),
    118                (void *)&zclSampleLight_DeviceEnable
    119              }
    120            },
    121          
    122            // *** Identify Cluster Attribute ***
    123            {
    124              ZCL_CLUSTER_ID_GEN_IDENTIFY,
    125              { // Attribute record
    126                ATTRID_IDENTIFY_TIME,
    127                ZCL_DATATYPE_UINT16,
    128                (ACCESS_CONTROL_READ | ACCESS_CONTROL_WRITE),
    129                (void *)&zclZigbeeRecv_IdentifyTime
    130              }
    131            },
    132          
    133            // *** On/Off Cluster Attributes ***
    134            {
    135              ZCL_CLUSTER_ID_GEN_ON_OFF,
    136              { // Attribute record
    137                ATTRID_ON_OFF,
    138                ZCL_DATATYPE_UINT8,
    139                ACCESS_CONTROL_READ,
    140                (void *)&zclZigbeeRecv_OnOff
    141              }
    142            },
    143          };
    144          
    145          /*********************************************************************
    146           * SIMPLE DESCRIPTOR
    147           */
    148          // This is the Cluster ID List and should be filled with Application
    149          // specific cluster IDs.
    150          #define ZCLSAMPLELIGHT_MAX_INCLUSTERS       5

   \                                 In  segment XDATA_ROM_C, align 1
    151          const cId_t zclSampleLight_InClusterList[ZCLSAMPLELIGHT_MAX_INCLUSTERS] =
   \                     zclSampleLight_InClusterList:
   \   000000   00000500     DW 0, 5, 4, 6, 8
   \            04000600
   \            0800    
    152          {
    153            ZCL_CLUSTER_ID_GEN_BASIC,
    154            ZCL_CLUSTER_ID_GEN_SCENES,
    155            ZCL_CLUSTER_ID_GEN_GROUPS,
    156            ZCL_CLUSTER_ID_GEN_ON_OFF,
    157            ZCL_CLUSTER_ID_GEN_LEVEL_CONTROL
    158          };
    159          
    160          #define ZCLSAMPLELIGHT_MAX_OUTCLUSTERS       1

   \                                 In  segment XDATA_ROM_C, align 1
    161          const cId_t zclSampleLight_OutClusterList[ZCLSAMPLELIGHT_MAX_OUTCLUSTERS] =
   \                     zclSampleLight_OutClusterList:
   \   000000   0000         DW 0
    162          {
    163            ZCL_CLUSTER_ID_GEN_BASIC
    164          };
    165          

   \                                 In  segment XDATA_I, align 1, keep-with-next
    166          SimpleDescriptionFormat_t zclZigbeeRecv_SimpleDesc =
   \                     zclZigbeeRecv_SimpleDesc:
   \   000000                DS 12
   \   00000C                REQUIRE `?<Initializer for zclZigbeeRecv_SimpleDesc>`
   \   00000C                REQUIRE __INIT_XDATA_I

   \                                 In  segment XDATA_ID, align 1, keep-with-next
   \                     `?<Initializer for zclSampleLight_LocationDescr`:
   \   000000   10202020     DB 16, 32, 32, 32, 32, 32, 32, 32, 32, 32, 32, 32, 32, 32, 32, 32, 32
   \            20202020
   \            20202020
   \            20202020
   \            20      

   \                                 In  segment XDATA_ID, align 1, keep-with-next
   \                     `?<Initializer for zclSampleLight_DeviceEnable>`:
   \   000000   01           DB 1

   \                                 In  segment XDATA_ID, align 1, keep-with-next
   \                     `?<Initializer for zclZigbeeRecv_SimpleDesc>`:
   \   000000   0D           DB 13
   \   000001   04010101     DW 260, 257
   \   000005   0005         DB 0, 5
   \   000007   ....         DW zclSampleLight_InClusterList
   \   000009   01           DB 1
   \   00000A   ....         DW zclSampleLight_OutClusterList
    167          {
    168            ZIGBEERECV_ENDPOINT,                   //  int Endpoint;
    169            ZCL_HA_PROFILE_ID,                     //  uint16 AppProfId[2];
    170            ZCL_HA_DEVICEID_DIMMABLE_LIGHT,        //  uint16 AppDeviceId[2];
    171            SAMPLELIGHT_DEVICE_VERSION,            //  int   AppDevVer:4;
    172            SAMPLELIGHT_FLAGS,                     //  int   AppFlags:4;
    173            ZCLSAMPLELIGHT_MAX_INCLUSTERS,         //  byte  AppNumInClusters;
    174            (cId_t *)zclSampleLight_InClusterList, //  byte *pAppInClusterList;
    175            ZCLSAMPLELIGHT_MAX_OUTCLUSTERS,        //  byte  AppNumInClusters;
    176            (cId_t *)zclSampleLight_OutClusterList //  byte *pAppInClusterList;
    177          };


   Segment part sizes:

     Function/Label                                 Bytes
     --------------                                 -----
     zclSampleLight_HWRevision                         1
     zclSampleLight_ZCLVersion                         1
     zclSampleLight_ManufacturerName
                                                      17
     zclSampleLight_ModelId                           17
     zclSampleLight_DateCode                          17
     zclSampleLight_PowerSource                        1
     zclSampleLight_LocationDescription
                                                      17
     zclSampleLight_PhysicalEnvironment
                                                       1
     zclSampleLight_DeviceEnable                       1
     zclZigbeeRecv_IdentifyTime                        2
     zclZigbeeRecv_OnOff                               1
     zclZigbeeRecv_Attrs                              96
     zclSampleLight_InClusterList                     10
     zclSampleLight_OutClusterList                     2
     zclZigbeeRecv_SimpleDesc                         12
     ?<Initializer for zclSampleLight_LocationDescr   17
     ?<Initializer for zclSampleLight_DeviceEnable>    1
     ?<Initializer for zclZigbeeRecv_SimpleDesc>      12

 
 96 bytes in segment CODE_C
 30 bytes in segment XDATA_I
 30 bytes in segment XDATA_ID
 66 bytes in segment XDATA_ROM_C
  4 bytes in segment XDATA_Z
 
 126 bytes of CODE  memory
  66 bytes of CONST memory
  34 bytes of XDATA memory

Errors: none
Warnings: none
