###############################################################################
#                                                                             #
# IAR C/C++ Compiler V7.51A/W32 for 8051                16/Aug/2013  20:24:42 #
# Copyright 2004-2009 IAR Systems AB.                                         #
#                                                                             #
#    Core               =  plain                                              #
#    Code model         =  banked                                             #
#    Data model         =  large                                              #
#    Calling convention =  xdata reentrant                                    #
#    Constant location  =  data_rom                                           #
#    Dptr setup         =  1,16                                               #
#    Source file        =  D:\z-stack\z-stack\Sensor Network                  #
#                          Example\Components\stack\zdo\ZDConfig.c            #
#    Command line       =  -f "D:\z-stack\z-stack\Sensor Network              #
#                          Example\Projects\zstack\Sensor Network             #
#                          Application\ZIGBEE Coordinator &                   #
#                          Router\CC2530DB\..\..\..\Tools\CC2530DB\f8wCoord.c #
#                          fg" (-DCPU32MHZ -DROOT=__near_func                 #
#                          -DMAC_CFG_APP_PENDING_QUEUE=TRUE                   #
#                          -DZDO_COORDINATOR -DRTR_NWK -DBLINK_LEDS) -f       #
#                          "D:\z-stack\z-stack\Sensor Network                 #
#                          Example\Projects\zstack\Sensor Network             #
#                          Application\ZIGBEE Coordinator &                   #
#                          Router\CC2530DB\..\..\..\Tools\CC2530DB\f8wConfig. #
#                          cfg" (-DSECURE=0 -DZG_SECURE_DYNAMIC=0             #
#                          -DREFLECTOR -DDEFAULT_CHANLIST=0x00000800          #
#                          -DZDAPP_CONFIG_PAN_ID=0xFFFF                       #
#                          -DNWK_START_DELAY=100 -DEXTENDED_JOINING_RANDOM_MA #
#                          SK=0x007F -DBEACON_REQUEST_DELAY=100               #
#                          -DBEACON_REQ_DELAY_MASK=0x00FF                     #
#                          -DROUTE_EXPIRY_TIME=30 -DAPSC_ACK_WAIT_DURATION_PO #
#                          LLED=3000 -DNWK_INDIRECT_MSG_TIMEOUT=7             #
#                          -DMAX_RREQ_ENTRIES=8 -DAPSC_MAX_FRAME_RETRIES=3    #
#                          -DNWK_MAX_DATA_RETRIES=2                           #
#                          -DMAX_POLL_FAILURE_RETRIES=2 -DMAX_BCAST=9         #
#                          -DAPS_MAX_GROUPS=16 -DMAX_RTG_ENTRIES=40           #
#                          -DNWK_MAX_BINDING_ENTRIES=4                        #
#                          -DMAX_BINDING_CLUSTER_IDS=4 "-DDEFAULT_KEY={0x01,  #
#                          0x03, 0x05, 0x07, 0x09, 0x0B, 0x0D, 0x0F, 0x00,    #
#                          0x02, 0x04, 0x06, 0x08, 0x0A, 0x0C, 0x0D}"         #
#                          -DMAC_MAX_FRAME_SIZE=116 "-DCONST=const __code"    #
#                          -DGENERIC=__generic -DRFD_RCVC_ALWAYS_ON=TRUE      #
#                          -DPOLL_RATE=1000 -DQUEUED_POLL_RATE=100            #
#                          -DRESPONSE_POLL_RATE=100 -DREJOIN_POLL_RATE=440)   #
#                          -f "D:\z-stack\z-stack\Sensor Network              #
#                          Example\Projects\zstack\Sensor Network             #
#                          Application\ZIGBEE Coordinator &                   #
#                          Router\CC2530DB\..\..\..\Tools\CC2530DB\f8wZCL.cfg #
#                          " (-DZCL_READ -DZCL_WRITE -DZCL_BASIC              #
#                          -DZCL_IDENTIFY -DZCL_ON_OFF -DZCL_KEY_ESTABLISH    #
#                          -DZCL_LOAD_CONTROL -DZCL_SIMPLE_METERING           #
#                          -DZCL_PRICING) -DZCL_MESSAGE                       #
#                          "D:\z-stack\z-stack\Sensor Network                 #
#                          Example\Components\stack\zdo\ZDConfig.c" -D        #
#                          CC2530 -D ZTOOL_P1 -D MT_TASK -D MT_APP_FUNC -D    #
#                          MT_SYS_FUNC -D MT_ZDO_FUNC -D LCD_SUPPORTED=DEBUG  #
#                          -D Coor_receiver -D xHAL_KEYPAD -D xPA2591 -lC     #
#                          "D:\z-stack\z-stack\Sensor Network                 #
#                          Example\Projects\zstack\Sensor Network             #
#                          Application\ZIGBEE Coordinator &                   #
#                          Router\CC2530DB\Coordinator_KB_PA\List\" -lA       #
#                          "D:\z-stack\z-stack\Sensor Network                 #
#                          Example\Projects\zstack\Sensor Network             #
#                          Application\ZIGBEE Coordinator &                   #
#                          Router\CC2530DB\Coordinator_KB_PA\List\"           #
#                          --diag_suppress Pe001,Pa010 -o                     #
#                          "D:\z-stack\z-stack\Sensor Network                 #
#                          Example\Projects\zstack\Sensor Network             #
#                          Application\ZIGBEE Coordinator &                   #
#                          Router\CC2530DB\Coordinator_KB_PA\Obj\" -e         #
#                          --require_prototypes --debug --core=plain          #
#                          --dptr=16,1 --data_model=large                     #
#                          --code_model=banked --calling_convention=xdata_ree #
#                          ntrant --place_constants=data_rom                  #
#                          --nr_virtual_regs 16 -I "D:\z-stack\z-stack\Sensor #
#                           Network Example\Projects\zstack\Sensor Network    #
#                          Application\ZIGBEE Coordinator &                   #
#                          Router\CC2530DB\" -I "D:\z-stack\z-stack\Sensor    #
#                          Network Example\Projects\zstack\Sensor Network     #
#                          Application\ZIGBEE Coordinator &                   #
#                          Router\CC2530DB\..\SOURCE\" -I                     #
#                          "D:\z-stack\z-stack\Sensor Network                 #
#                          Example\Projects\zstack\Sensor Network             #
#                          Application\ZIGBEE Coordinator &                   #
#                          Router\CC2530DB\..\..\SOURCE\" -I                  #
#                          "D:\z-stack\z-stack\Sensor Network                 #
#                          Example\Projects\zstack\Sensor Network             #
#                          Application\ZIGBEE Coordinator &                   #
#                          Router\CC2530DB\..\..\..\ZMAIN\TI2530DB\" -I       #
#                          "D:\z-stack\z-stack\Sensor Network                 #
#                          Example\Projects\zstack\Sensor Network             #
#                          Application\ZIGBEE Coordinator &                   #
#                          Router\CC2530DB\..\..\..\..\..\COMPONENTS\MT\" -I  #
#                          "D:\z-stack\z-stack\Sensor Network                 #
#                          Example\Projects\zstack\Sensor Network             #
#                          Application\ZIGBEE Coordinator &                   #
#                          Router\CC2530DB\..\..\..\..\..\COMPONENTS\HAL\INCL #
#                          UDE\" -I "D:\z-stack\z-stack\Sensor Network        #
#                          Example\Projects\zstack\Sensor Network             #
#                          Application\ZIGBEE Coordinator &                   #
#                          Router\CC2530DB\..\..\..\..\..\COMPONENTS\HAL\TARG #
#                          ET\CC2530KB\" -I "D:\z-stack\z-stack\Sensor        #
#                          Network Example\Projects\zstack\Sensor Network     #
#                          Application\ZIGBEE Coordinator &                   #
#                          Router\CC2530DB\..\..\..\..\..\COMPONENTS\OSAL\MCU #
#                          \CCSOC\" -I "D:\z-stack\z-stack\Sensor Network     #
#                          Example\Projects\zstack\Sensor Network             #
#                          Application\ZIGBEE Coordinator &                   #
#                          Router\CC2530DB\..\..\..\..\..\COMPONENTS\OSAL\INC #
#                          LUDE\" -I "D:\z-stack\z-stack\Sensor Network       #
#                          Example\Projects\zstack\Sensor Network             #
#                          Application\ZIGBEE Coordinator &                   #
#                          Router\CC2530DB\..\..\..\..\..\COMPONENTS\STACK\AF #
#                          \" -I "D:\z-stack\z-stack\Sensor Network           #
#                          Example\Projects\zstack\Sensor Network             #
#                          Application\ZIGBEE Coordinator &                   #
#                          Router\CC2530DB\..\..\..\..\..\COMPONENTS\STACK\NW #
#                          K\" -I "D:\z-stack\z-stack\Sensor Network          #
#                          Example\Projects\zstack\Sensor Network             #
#                          Application\ZIGBEE Coordinator &                   #
#                          Router\CC2530DB\..\..\..\..\..\COMPONENTS\STACK\SE #
#                          C\" -I "D:\z-stack\z-stack\Sensor Network          #
#                          Example\Projects\zstack\Sensor Network             #
#                          Application\ZIGBEE Coordinator &                   #
#                          Router\CC2530DB\..\..\..\..\..\COMPONENTS\STACK\SA #
#                          PI\" -I "D:\z-stack\z-stack\Sensor Network         #
#                          Example\Projects\zstack\Sensor Network             #
#                          Application\ZIGBEE Coordinator &                   #
#                          Router\CC2530DB\..\..\..\..\..\COMPONENTS\STACK\SY #
#                          S\" -I "D:\z-stack\z-stack\Sensor Network          #
#                          Example\Projects\zstack\Sensor Network             #
#                          Application\ZIGBEE Coordinator &                   #
#                          Router\CC2530DB\..\..\..\..\..\COMPONENTS\STACK\ZC #
#                          L\" -I "D:\z-stack\z-stack\Sensor Network          #
#                          Example\Projects\zstack\Sensor Network             #
#                          Application\ZIGBEE Coordinator &                   #
#                          Router\CC2530DB\..\..\..\..\..\COMPONENTS\STACK\ZD #
#                          O\" -I "D:\z-stack\z-stack\Sensor Network          #
#                          Example\Projects\zstack\Sensor Network             #
#                          Application\ZIGBEE Coordinator &                   #
#                          Router\CC2530DB\..\..\..\..\..\COMPONENTS\ZMAC\F8W #
#                          \" -I "D:\z-stack\z-stack\Sensor Network           #
#                          Example\Projects\zstack\Sensor Network             #
#                          Application\ZIGBEE Coordinator &                   #
#                          Router\CC2530DB\..\..\..\..\..\COMPONENTS\ZMAC\"   #
#                          -I "D:\z-stack\z-stack\Sensor Network              #
#                          Example\Projects\zstack\Sensor Network             #
#                          Application\ZIGBEE Coordinator &                   #
#                          Router\CC2530DB\..\..\..\..\..\COMPONENTS\SERVICES #
#                          \SADDR\" -I "D:\z-stack\z-stack\Sensor Network     #
#                          Example\Projects\zstack\Sensor Network             #
#                          Application\ZIGBEE Coordinator &                   #
#                          Router\CC2530DB\..\..\..\..\..\COMPONENTS\SERVICES #
#                          \SDATA\" -I "D:\z-stack\z-stack\Sensor Network     #
#                          Example\Projects\zstack\Sensor Network             #
#                          Application\ZIGBEE Coordinator &                   #
#                          Router\CC2530DB\..\..\..\..\..\COMPONENTS\MAC\INCL #
#                          UDE\" -I "D:\z-stack\z-stack\Sensor Network        #
#                          Example\Projects\zstack\Sensor Network             #
#                          Application\ZIGBEE Coordinator &                   #
#                          Router\CC2530DB\..\..\..\..\..\COMPONENTS\MAC\HIGH #
#                          _LEVEL\" -I "D:\z-stack\z-stack\Sensor Network     #
#                          Example\Projects\zstack\Sensor Network             #
#                          Application\ZIGBEE Coordinator &                   #
#                          Router\CC2530DB\..\..\..\..\..\COMPONENTS\MAC\LOW_ #
#                          LEVEL\srf04\" -I "D:\z-stack\z-stack\Sensor        #
#                          Network Example\Projects\zstack\Sensor Network     #
#                          Application\ZIGBEE Coordinator &                   #
#                          Router\CC2530DB\..\..\..\..\..\COMPONENTS\MAC\LOW_ #
#                          LEVEL\srf04\SINGLE_CHIP\" -I "C:\Program Files     #
#                          (x86)\IAR Systems\Embedded Workbench               #
#                          5.3\8051\INC\" -I "C:\Program Files (x86)\IAR      #
#                          Systems\Embedded Workbench 5.3\8051\INC\CLIB\"     #
#                          -Ohz                                               #
#    List file          =  D:\z-stack\z-stack\Sensor Network                  #
#                          Example\Projects\zstack\Sensor Network             #
#                          Application\ZIGBEE Coordinator &                   #
#                          Router\CC2530DB\Coordinator_KB_PA\List\ZDConfig.ls #
#                          t                                                  #
#    Object file        =  D:\z-stack\z-stack\Sensor Network                  #
#                          Example\Projects\zstack\Sensor Network             #
#                          Application\ZIGBEE Coordinator &                   #
#                          Router\CC2530DB\Coordinator_KB_PA\Obj\ZDConfig.r51 #
#                                                                             #
#                                                                             #
###############################################################################

D:\z-stack\z-stack\Sensor Network Example\Components\stack\zdo\ZDConfig.c
      1          /**************************************************************************************************
      2            Filename:       ZDConfig.c
      3            Revised:        $Date: 2008-02-12 16:32:50 -0800 (Tue, 12 Feb 2008) $
      4            Revision:       $Revision: 16393 $
      5          
      6            Description:    This file contains the configuration attributes for the Zigbee Device Object.
      7                            These are references to Configuration items that MUST be defined in ZDApp.c.
      8                            The names mustn't change.
      9          
     10            Copyright 2004-2007 Texas Instruments Incorporated. All rights reserved.
     11          
     12            Should you have any questions regarding your right to use this Software,
     13            contact Texas Instruments Incorporated at www.TI.com. 
     14          **************************************************************************************************/
     15          
     16          /*********************************************************************
     17           * INCLUDES
     18           */
     19          #include "ZComdef.h"
     20          #include "AF.h"
     21          #include "ZDObject.h"
     22          #include "ZDConfig.h"
     23          
     24           /*********************************************************************
     25           * MACROS
     26           */
     27          
     28          /*********************************************************************
     29           * CONSTANTS
     30           */
     31          
     32          /*********************************************************************
     33           * TYPEDEFS
     34           */
     35          
     36          /*********************************************************************
     37           * GLOBAL VARIABLES
     38           */

   \                                 In  segment XDATA_Z, align 1, keep-with-next
     39          NodeDescriptorFormat_t ZDO_Config_Node_Descriptor;
   \                     ZDO_Config_Node_Descriptor:
   \   000000                DS 13
   \   00000D                REQUIRE __INIT_XDATA_Z

   \                                 In  segment XDATA_Z, align 1, keep-with-next
     40          NodePowerDescriptorFormat_t ZDO_Config_Power_Descriptor;
   \                     ZDO_Config_Power_Descriptor:
   \   000000                DS 2
   \   000002                REQUIRE __INIT_XDATA_Z
     41          
     42          /*********************************************************************
     43           * EXTERNAL VARIABLES
     44           */
     45          
     46          /*********************************************************************
     47           * EXTERNAL FUNCTIONS
     48           */
     49          
     50          /*********************************************************************
     51           * LOCAL FUNCTIONS
     52           */
     53          
     54          /*********************************************************************
     55           * LOCAL VARIABLES
     56           */
     57          
     58          /*********************************************************************
     59           * @fn      ZDConfig_InitDescriptors()
     60           *
     61           * @brief   Setup the ZDO descriptors 
     62           *             Node, Power
     63           *
     64           * @param   none
     65           *
     66           * @return  none
     67           */

   \                                 In  segment BANKED_CODE, align 1, keep-with-next
     68          void ZDConfig_InitDescriptors( void )
   \                     ZDConfig_InitDescriptors:
     69          {
   \   000000   C082         PUSH    DPL
   \   000002   C083         PUSH    DPH
   \   000004                ; Saved register size: 2
   \   000004                ; Auto size: 0
     70            ZDConfig_UpdateNodeDescriptor();
   \   000004                ; Setup parameters for call to function ZDConfig_UpdateNodeDescriptor
   \   000004   12....       LCALL   ??ZDConfig_UpdateNodeDescriptor?relay
     71            ZDConfig_UpdatePowerDescriptor();
   \   000007                REQUIRE ?Subroutine0
   \   000007                ; // Fall through to label ?Subroutine0
     72          }

   \                                 In  segment BANKED_CODE, align 1, keep-with-next
   \                     ??Subroutine1_0:
   \   000000   F0           MOVX    @DPTR,A
   \   000001   D083         POP     DPH
   \   000003   D082         POP     DPL
   \   000005   02....       LJMP    ?BRET
     73          
     74          /*********************************************************************
     75           * @fn      ZDConfig_UpdateNodeDescriptor()
     76           *
     77           * @brief   Update the ZDO Node Descriptor 
     78           *
     79           * @param   none
     80           *
     81           * @return  none
     82           */

   \                                 In  segment BANKED_CODE, align 1, keep-with-next
     83          void ZDConfig_UpdateNodeDescriptor( void )
   \                     ZDConfig_UpdateNodeDescriptor:
     84          {
   \   000000   C082         PUSH    DPL
   \   000002   C083         PUSH    DPH
   \   000004                ; Saved register size: 2
   \   000004                ; Auto size: 0
     85            // Build the Node Descriptor
     86            if ( ZG_BUILD_COORDINATOR_TYPE && ZG_DEVICE_COORDINATOR_TYPE )
     87              ZDO_Config_Node_Descriptor.LogicalType = NODETYPE_COORDINATOR;
     88            else if ( ZSTACK_ROUTER_BUILD )
     89              ZDO_Config_Node_Descriptor.LogicalType = NODETYPE_ROUTER;
     90            else if ( ZSTACK_END_DEVICE_BUILD )
     91              ZDO_Config_Node_Descriptor.LogicalType = NODETYPE_DEVICE;
     92            
     93            ZDO_Config_Node_Descriptor.ComplexDescAvail = FALSE;      // set elsewhere
     94            ZDO_Config_Node_Descriptor.UserDescAvail = FALSE;         // set elsewhere
     95            ZDO_Config_Node_Descriptor.Reserved = 0;                  // Reserved
   \   000004   E4           CLR     A
   \   000005   90....       MOV     DPTR,#ZDO_Config_Node_Descriptor
   \   000008   F0           MOVX    @DPTR,A
     96            ZDO_Config_Node_Descriptor.APSFlags = 0;                  // NO APS flags
     97            ZDO_Config_Node_Descriptor.FrequencyBand = NODEFREQ_2400; // Frequency Band
   \   000009   7440         MOV     A,#0x40
   \   00000B   90....       MOV     DPTR,#(ZDO_Config_Node_Descriptor + 1)
   \   00000E   F0           MOVX    @DPTR,A
     98            
     99            // MAC Capabilities
    100            if ( ZSTACK_ROUTER_BUILD )
    101            {
    102              ZDO_Config_Node_Descriptor.CapabilityFlags 
    103                        = (CAPINFO_DEVICETYPE_FFD | CAPINFO_POWER_AC | CAPINFO_RCVR_ON_IDLE);
    104              
    105              if ( ZG_BUILD_COORDINATOR_TYPE && ZG_DEVICE_COORDINATOR_TYPE )
    106                ZDO_Config_Node_Descriptor.CapabilityFlags |= CAPINFO_ALTPANCOORD;
   \   00000F   740F         MOV     A,#0xf
   \   000011   90....       MOV     DPTR,#(ZDO_Config_Node_Descriptor + 2)
   \   000014   F0           MOVX    @DPTR,A
    107            }
    108            else if ( ZSTACK_END_DEVICE_BUILD )
    109            {
    110              ZDO_Config_Node_Descriptor.CapabilityFlags = (CAPINFO_DEVICETYPE_RFD
    111            #if ( RFD_RCVC_ALWAYS_ON == TRUE)
    112                      | CAPINFO_RCVR_ON_IDLE
    113            #endif
    114                  );
    115            }
    116            
    117            // Manufacturer Code - *YOU FILL IN*
    118            ZDO_Config_Node_Descriptor.ManufacturerCode[0] = 0;
   \   000015   E4           CLR     A
   \   000016   90....       MOV     DPTR,#(ZDO_Config_Node_Descriptor + 3)
   \   000019   F0           MOVX    @DPTR,A
    119            ZDO_Config_Node_Descriptor.ManufacturerCode[1] = 0;
   \   00001A   90....       MOV     DPTR,#(ZDO_Config_Node_Descriptor + 4)
   \   00001D   F0           MOVX    @DPTR,A
    120            
    121            // Maximum Buffer Size
    122            ZDO_Config_Node_Descriptor.MaxBufferSize = MAX_BUFFER_SIZE;
   \   00001E   7450         MOV     A,#0x50
   \   000020   90....       MOV     DPTR,#(ZDO_Config_Node_Descriptor + 5)
   \   000023   F0           MOVX    @DPTR,A
    123          
    124            // Maximum Incoming Transfer Size Field
    125            ZDO_Config_Node_Descriptor.MaxInTransferSize[0] = LO_UINT16( MAX_TRANSFER_SIZE );
   \   000024   90....       MOV     DPTR,#(ZDO_Config_Node_Descriptor + 6)
   \   000027   F0           MOVX    @DPTR,A
    126            ZDO_Config_Node_Descriptor.MaxInTransferSize[1] = HI_UINT16( MAX_TRANSFER_SIZE );
   \   000028   E4           CLR     A
   \   000029   90....       MOV     DPTR,#(ZDO_Config_Node_Descriptor + 7)
   \   00002C   F0           MOVX    @DPTR,A
    127            
    128            // Maximum Outgoing Transfer Size Field
    129            ZDO_Config_Node_Descriptor.MaxOutTransferSize[0] = LO_UINT16( MAX_TRANSFER_SIZE );
   \   00002D   7450         MOV     A,#0x50
   \   00002F   90....       MOV     DPTR,#(ZDO_Config_Node_Descriptor + 10)
   \   000032   F0           MOVX    @DPTR,A
    130            ZDO_Config_Node_Descriptor.MaxOutTransferSize[1] = HI_UINT16( MAX_TRANSFER_SIZE );
   \   000033   E4           CLR     A
   \   000034   90....       MOV     DPTR,#(ZDO_Config_Node_Descriptor + 11)
   \   000037   F0           MOVX    @DPTR,A
    131            
    132            // Server Mask
    133            ZDO_Config_Node_Descriptor.ServerMask = 0;
   \   000038   90....       MOV     DPTR,#(ZDO_Config_Node_Descriptor + 8)
   \   00003B   F0           MOVX    @DPTR,A
   \   00003C   A3           INC     DPTR
   \   00003D   F0           MOVX    @DPTR,A
    134            
    135            // Descriptor Capability Field - extended active endpoint list and 
    136            // extended simple descriptor are not supported.
    137            ZDO_Config_Node_Descriptor.DescriptorCapability = 0;
   \   00003E   90....       MOV     DPTR,#(ZDO_Config_Node_Descriptor + 12)
   \   000041   80..         SJMP    ??Subroutine1_0
    138          }
    139          
    140          /*********************************************************************
    141           * @fn      ZDConfig_UpdatePowerDescriptor()
    142           *
    143           * @brief   Update the ZDO Power Descriptor 
    144           *
    145           * @param   none
    146           *
    147           * @return  none
    148           */

   \                                 In  segment BANKED_CODE, align 1, keep-with-next
   \                     ?Subroutine0:
   \   000000   90....       MOV     DPTR,#ZDO_Config_Power_Descriptor
   \   000003   7410         MOV     A,#0x10
   \   000005   F0           MOVX    @DPTR,A
   \   000006   A3           INC     DPTR
   \   000007   74C1         MOV     A,#-0x3f
   \   000009                REQUIRE ??Subroutine1_0
   \   000009                ; // Fall through to label ??Subroutine1_0

   \                                 In  segment BANKED_CODE, align 1, keep-with-next
    149          void ZDConfig_UpdatePowerDescriptor( void )
   \                     ZDConfig_UpdatePowerDescriptor:
    150          {
   \   000000   C082         PUSH    DPL
   \   000002   C083         PUSH    DPH
   \   000004                ; Saved register size: 2
   \   000004                ; Auto size: 0
    151            // Build the Power Descriptor  
    152            if ( ZSTACK_ROUTER_BUILD )
    153            {
    154              ZDO_Config_Power_Descriptor.PowerMode = NODECURPWR_RCVR_ALWAYS_ON;
    155              ZDO_Config_Power_Descriptor.AvailablePowerSources = NODEAVAILPWR_MAINS;
    156              ZDO_Config_Power_Descriptor.CurrentPowerSource = NODEAVAILPWR_MAINS;
    157              ZDO_Config_Power_Descriptor.CurrentPowerSourceLevel = NODEPOWER_LEVEL_100;
   \   000004   80..         SJMP    ?Subroutine0
    158            }
    159            else if ( ZSTACK_END_DEVICE_BUILD )
    160            {
    161              if ( zgPollRate )
    162                ZDO_Config_Power_Descriptor.PowerMode = NODECURPWR_RCVR_AUTO;
    163              else
    164                ZDO_Config_Power_Descriptor.PowerMode = NODECURPWR_RCVR_STIM;
    165                
    166              ZDO_Config_Power_Descriptor.AvailablePowerSources = NODEAVAILPWR_RECHARGE;
    167              ZDO_Config_Power_Descriptor.CurrentPowerSource = NODEAVAILPWR_RECHARGE;
    168              ZDO_Config_Power_Descriptor.CurrentPowerSourceLevel = NODEPOWER_LEVEL_66;
    169            }
    170          }

   \                                 In  segment BANK_RELAYS, align 1
   \                     ??ZDConfig_InitDescriptors?relay:
   \   000000   12....       LCALL   ?BDISPATCH
   \   000003   ......       DC24    ZDConfig_InitDescriptors

   \                                 In  segment BANK_RELAYS, align 1
   \                     ??ZDConfig_UpdateNodeDescriptor?relay:
   \   000000   12....       LCALL   ?BDISPATCH
   \   000003   ......       DC24    ZDConfig_UpdateNodeDescriptor

   \                                 In  segment BANK_RELAYS, align 1
   \                     ??ZDConfig_UpdatePowerDescriptor?relay:
   \   000000   12....       LCALL   ?BDISPATCH
   \   000003   ......       DC24    ZDConfig_UpdatePowerDescriptor
    171          
    172          /*********************************************************************
    173          *********************************************************************/
    174          
    175          

   Maximum stack usage in bytes:

     Function                       ISTACK PSTACK XSTACK
     --------                       ------ ------ ------
     ZDConfig_InitDescriptors           2      0      0
       -> ZDConfig_UpdateNodeDescriptor
                                        4      0      0
     ZDConfig_UpdateNodeDescriptor      2      0      0
     ZDConfig_UpdatePowerDescriptor     2      0      0


   Segment part sizes:

     Function/Label                         Bytes
     --------------                         -----
     ZDO_Config_Node_Descriptor               13
     ZDO_Config_Power_Descriptor               2
     ZDConfig_InitDescriptors                  7
     ??Subroutine1_0                           8
     ZDConfig_UpdateNodeDescriptor            67
     ?Subroutine0                              9
     ZDConfig_UpdatePowerDescriptor            6
     ??ZDConfig_InitDescriptors?relay          6
     ??ZDConfig_UpdateNodeDescriptor?relay     6
     ??ZDConfig_UpdatePowerDescriptor?relay    6

 
 97 bytes in segment BANKED_CODE
 18 bytes in segment BANK_RELAYS
 15 bytes in segment XDATA_Z
 
 115 bytes of CODE  memory
  15 bytes of XDATA memory

Errors: none
Warnings: none
