###############################################################################
#                                                                             #
# IAR C/C++ Compiler V7.51A/W32 for 8051                16/Jul/2010  08:33:54 #
# Copyright 2004-2009 IAR Systems AB.                                         #
#                                                                             #
#    Core               =  plain                                              #
#    Code model         =  banked                                             #
#    Data model         =  large                                              #
#    Calling convention =  xdata reentrant                                    #
#    Constant location  =  data_rom                                           #
#    Dptr setup         =  1,16                                               #
#    Source file        =  C:\Documents and Settings\WinXP\桌面\ZIGBEE        #
#                          CC2530\ZIGBEE CC2530\ZIGBEE                        #
#                          Z-STACK\ZStack-CC2530-2.3.0-1.4.0\Components\hal\m #
#                          odule\M140.c                                       #
#    Command line       =  -f "C:\Documents and Settings\WinXP\桌面\ZIGBEE    #
#                          CC2530\ZIGBEE CC2530\ZIGBEE                        #
#                          Z-STACK\ZStack-CC2530-2.3.0-1.4.0\Projects\zstack\ #
#                          Sensor Network Application\ZIGBEE Endpoint &       #
#                          Device\CC2530DB\..\..\..\Tools\CC2530DB\f8wEndev.c #
#                          fg" (-DCPU32MHZ -DROOT=__near_func -DBLINK_LEDS)   #
#                          -f "C:\Documents and Settings\WinXP\桌面\ZIGBEE    #
#                          CC2530\ZIGBEE CC2530\ZIGBEE                        #
#                          Z-STACK\ZStack-CC2530-2.3.0-1.4.0\Projects\zstack\ #
#                          Sensor Network Application\ZIGBEE Endpoint &       #
#                          Device\CC2530DB\..\..\..\Tools\CC2530DB\f8wConfig. #
#                          cfg" (-DSECURE=0 -DZG_SECURE_DYNAMIC=0             #
#                          -DREFLECTOR -DDEFAULT_CHANLIST=0x00000800          #
#                          -DZDAPP_CONFIG_PAN_ID=0xFFFF                       #
#                          -DNWK_START_DELAY=100 -DEXTENDED_JOINING_RANDOM_MA #
#                          SK=0x007F -DBEACON_REQUEST_DELAY=100               #
#                          -DBEACON_REQ_DELAY_MASK=0x00FF                     #
#                          -DROUTE_EXPIRY_TIME=30 -DAPSC_ACK_WAIT_DURATION_PO #
#                          LLED=3000 -DNWK_INDIRECT_MSG_TIMEOUT=7             #
#                          -DMAX_RREQ_ENTRIES=8 -DAPSC_MAX_FRAME_RETRIES=3    #
#                          -DNWK_MAX_DATA_RETRIES=2                           #
#                          -DMAX_POLL_FAILURE_RETRIES=2 -DMAX_BCAST=9         #
#                          -DAPS_MAX_GROUPS=16 -DMAX_RTG_ENTRIES=40           #
#                          -DNWK_MAX_BINDING_ENTRIES=4                        #
#                          -DMAX_BINDING_CLUSTER_IDS=4 "-DDEFAULT_KEY={0x01,  #
#                          0x03, 0x05, 0x07, 0x09, 0x0B, 0x0D, 0x0F, 0x00,    #
#                          0x02, 0x04, 0x06, 0x08, 0x0A, 0x0C, 0x0D}"         #
#                          -DMAC_MAX_FRAME_SIZE=116 "-DCONST=const __code"    #
#                          -DGENERIC=__generic -DRFD_RCVC_ALWAYS_ON=TRUE      #
#                          -DPOLL_RATE=1000 -DQUEUED_POLL_RATE=100            #
#                          -DRESPONSE_POLL_RATE=100 -DREJOIN_POLL_RATE=440)   #
#                          -f "C:\Documents and Settings\WinXP\桌面\ZIGBEE    #
#                          CC2530\ZIGBEE CC2530\ZIGBEE                        #
#                          Z-STACK\ZStack-CC2530-2.3.0-1.4.0\Projects\zstack\ #
#                          Sensor Network Application\ZIGBEE Endpoint &       #
#                          Device\CC2530DB\..\..\..\Tools\CC2530DB\f8wZCL.cfg #
#                          " (-DZCL_READ -DZCL_WRITE -DZCL_BASIC              #
#                          -DZCL_IDENTIFY -DZCL_ON_OFF -DZCL_KEY_ESTABLISH    #
#                          -DZCL_LOAD_CONTROL -DZCL_SIMPLE_METERING           #
#                          -DZCL_PRICING) -DZCL_MESSAGE "C:\Documents and     #
#                          Settings\WinXP\桌面\ZIGBEE CC2530\ZIGBEE           #
#                          CC2530\ZIGBEE Z-STACK\ZStack-CC2530-2.3.0-1.4.0\Co #
#                          mponents\hal\module\M140.c" -D NWK_AUTO_POLL -D    #
#                          ZTOOL_P1 -D MT_TASK -D MT_APP_FUNC -D MT_SYS_FUNC  #
#                          -D MT_ZDO_FUNC -D LCD_SUPPORTED=DEBUG -D           #
#                          xPOWER_SAVING -D M220 -lC "C:\Documents and        #
#                          Settings\WinXP\桌面\ZIGBEE CC2530\ZIGBEE           #
#                          CC2530\ZIGBEE Z-STACK\ZStack-CC2530-2.3.0-1.4.0\Pr #
#                          ojects\zstack\Sensor Network Application\ZIGBEE    #
#                          Endpoint & Device\CC2530DB\EndDeviceEB_M220\List\" #
#                           -lA "C:\Documents and Settings\WinXP\桌面\ZIGBEE  #
#                          CC2530\ZIGBEE CC2530\ZIGBEE                        #
#                          Z-STACK\ZStack-CC2530-2.3.0-1.4.0\Projects\zstack\ #
#                          Sensor Network Application\ZIGBEE Endpoint &       #
#                          Device\CC2530DB\EndDeviceEB_M220\List\"            #
#                          --diag_suppress Pe001,Pa010 -o "C:\Documents and   #
#                          Settings\WinXP\桌面\ZIGBEE CC2530\ZIGBEE           #
#                          CC2530\ZIGBEE Z-STACK\ZStack-CC2530-2.3.0-1.4.0\Pr #
#                          ojects\zstack\Sensor Network Application\ZIGBEE    #
#                          Endpoint & Device\CC2530DB\EndDeviceEB_M220\Obj\"  #
#                          -e --require_prototypes --debug --core=plain       #
#                          --dptr=16,1 --data_model=large                     #
#                          --code_model=banked --calling_convention=xdata_ree #
#                          ntrant --place_constants=data_rom                  #
#                          --nr_virtual_regs 16 -I "C:\Documents and          #
#                          Settings\WinXP\桌面\ZIGBEE CC2530\ZIGBEE           #
#                          CC2530\ZIGBEE Z-STACK\ZStack-CC2530-2.3.0-1.4.0\Pr #
#                          ojects\zstack\Sensor Network Application\ZIGBEE    #
#                          Endpoint & Device\CC2530DB\" -I "C:\Documents and  #
#                          Settings\WinXP\桌面\ZIGBEE CC2530\ZIGBEE           #
#                          CC2530\ZIGBEE Z-STACK\ZStack-CC2530-2.3.0-1.4.0\Pr #
#                          ojects\zstack\Sensor Network Application\ZIGBEE    #
#                          Endpoint & Device\CC2530DB\..\SOURCE\" -I          #
#                          "C:\Documents and Settings\WinXP\桌面\ZIGBEE       #
#                          CC2530\ZIGBEE CC2530\ZIGBEE                        #
#                          Z-STACK\ZStack-CC2530-2.3.0-1.4.0\Projects\zstack\ #
#                          Sensor Network Application\ZIGBEE Endpoint &       #
#                          Device\CC2530DB\..\..\SOURCE\" -I "C:\Documents    #
#                          and Settings\WinXP\桌面\ZIGBEE CC2530\ZIGBEE       #
#                          CC2530\ZIGBEE Z-STACK\ZStack-CC2530-2.3.0-1.4.0\Pr #
#                          ojects\zstack\Sensor Network Application\ZIGBEE    #
#                          Endpoint & Device\CC2530DB\..\..\..\ZMAIN\TI2530DB #
#                          \" -I "C:\Documents and Settings\WinXP\桌面\ZIGBEE #
#                           CC2530\ZIGBEE CC2530\ZIGBEE                       #
#                          Z-STACK\ZStack-CC2530-2.3.0-1.4.0\Projects\zstack\ #
#                          Sensor Network Application\ZIGBEE Endpoint &       #
#                          Device\CC2530DB\..\..\..\..\..\COMPONENTS\MT\" -I  #
#                          "C:\Documents and Settings\WinXP\桌面\ZIGBEE       #
#                          CC2530\ZIGBEE CC2530\ZIGBEE                        #
#                          Z-STACK\ZStack-CC2530-2.3.0-1.4.0\Projects\zstack\ #
#                          Sensor Network Application\ZIGBEE Endpoint &       #
#                          Device\CC2530DB\..\..\..\..\..\COMPONENTS\HAL\INCL #
#                          UDE\" -I "C:\Documents and                         #
#                          Settings\WinXP\桌面\ZIGBEE CC2530\ZIGBEE           #
#                          CC2530\ZIGBEE Z-STACK\ZStack-CC2530-2.3.0-1.4.0\Pr #
#                          ojects\zstack\Sensor Network Application\ZIGBEE    #
#                          Endpoint & Device\CC2530DB\..\..\..\..\..\COMPONEN #
#                          TS\HAL\TARGET\CC2530EB\" -I "C:\Documents and      #
#                          Settings\WinXP\桌面\ZIGBEE CC2530\ZIGBEE           #
#                          CC2530\ZIGBEE Z-STACK\ZStack-CC2530-2.3.0-1.4.0\Pr #
#                          ojects\zstack\Sensor Network Application\ZIGBEE    #
#                          Endpoint & Device\CC2530DB\..\..\..\..\..\COMPONEN #
#                          TS\OSAL\MCU\CCSOC\" -I "C:\Documents and           #
#                          Settings\WinXP\桌面\ZIGBEE CC2530\ZIGBEE           #
#                          CC2530\ZIGBEE Z-STACK\ZStack-CC2530-2.3.0-1.4.0\Pr #
#                          ojects\zstack\Sensor Network Application\ZIGBEE    #
#                          Endpoint & Device\CC2530DB\..\..\..\..\..\COMPONEN #
#                          TS\OSAL\INCLUDE\" -I "C:\Documents and             #
#                          Settings\WinXP\桌面\ZIGBEE CC2530\ZIGBEE           #
#                          CC2530\ZIGBEE Z-STACK\ZStack-CC2530-2.3.0-1.4.0\Pr #
#                          ojects\zstack\Sensor Network Application\ZIGBEE    #
#                          Endpoint & Device\CC2530DB\..\..\..\..\..\COMPONEN #
#                          TS\STACK\AF\" -I "C:\Documents and                 #
#                          Settings\WinXP\桌面\ZIGBEE CC2530\ZIGBEE           #
#                          CC2530\ZIGBEE Z-STACK\ZStack-CC2530-2.3.0-1.4.0\Pr #
#                          ojects\zstack\Sensor Network Application\ZIGBEE    #
#                          Endpoint & Device\CC2530DB\..\..\..\..\..\COMPONEN #
#                          TS\STACK\NWK\" -I "C:\Documents and                #
#                          Settings\WinXP\桌面\ZIGBEE CC2530\ZIGBEE           #
#                          CC2530\ZIGBEE Z-STACK\ZStack-CC2530-2.3.0-1.4.0\Pr #
#                          ojects\zstack\Sensor Network Application\ZIGBEE    #
#                          Endpoint & Device\CC2530DB\..\..\..\..\..\COMPONEN #
#                          TS\STACK\SEC\" -I "C:\Documents and                #
#                          Settings\WinXP\桌面\ZIGBEE CC2530\ZIGBEE           #
#                          CC2530\ZIGBEE Z-STACK\ZStack-CC2530-2.3.0-1.4.0\Pr #
#                          ojects\zstack\Sensor Network Application\ZIGBEE    #
#                          Endpoint & Device\CC2530DB\..\..\..\..\..\COMPONEN #
#                          TS\STACK\SAPI\" -I "C:\Documents and               #
#                          Settings\WinXP\桌面\ZIGBEE CC2530\ZIGBEE           #
#                          CC2530\ZIGBEE Z-STACK\ZStack-CC2530-2.3.0-1.4.0\Pr #
#                          ojects\zstack\Sensor Network Application\ZIGBEE    #
#                          Endpoint & Device\CC2530DB\..\..\..\..\..\COMPONEN #
#                          TS\STACK\SYS\" -I "C:\Documents and                #
#                          Settings\WinXP\桌面\ZIGBEE CC2530\ZIGBEE           #
#                          CC2530\ZIGBEE Z-STACK\ZStack-CC2530-2.3.0-1.4.0\Pr #
#                          ojects\zstack\Sensor Network Application\ZIGBEE    #
#                          Endpoint & Device\CC2530DB\..\..\..\..\..\COMPONEN #
#                          TS\STACK\ZCL\" -I "C:\Documents and                #
#                          Settings\WinXP\桌面\ZIGBEE CC2530\ZIGBEE           #
#                          CC2530\ZIGBEE Z-STACK\ZStack-CC2530-2.3.0-1.4.0\Pr #
#                          ojects\zstack\Sensor Network Application\ZIGBEE    #
#                          Endpoint & Device\CC2530DB\..\..\..\..\..\COMPONEN #
#                          TS\STACK\ZDO\" -I "C:\Documents and                #
#                          Settings\WinXP\桌面\ZIGBEE CC2530\ZIGBEE           #
#                          CC2530\ZIGBEE Z-STACK\ZStack-CC2530-2.3.0-1.4.0\Pr #
#                          ojects\zstack\Sensor Network Application\ZIGBEE    #
#                          Endpoint & Device\CC2530DB\..\..\..\..\..\COMPONEN #
#                          TS\ZMAC\F8W\" -I "C:\Documents and                 #
#                          Settings\WinXP\桌面\ZIGBEE CC2530\ZIGBEE           #
#                          CC2530\ZIGBEE Z-STACK\ZStack-CC2530-2.3.0-1.4.0\Pr #
#                          ojects\zstack\Sensor Network Application\ZIGBEE    #
#                          Endpoint & Device\CC2530DB\..\..\..\..\..\COMPONEN #
#                          TS\ZMAC\" -I "C:\Documents and                     #
#                          Settings\WinXP\桌面\ZIGBEE CC2530\ZIGBEE           #
#                          CC2530\ZIGBEE Z-STACK\ZStack-CC2530-2.3.0-1.4.0\Pr #
#                          ojects\zstack\Sensor Network Application\ZIGBEE    #
#                          Endpoint & Device\CC2530DB\..\..\..\..\..\COMPONEN #
#                          TS\SERVICES\SADDR\" -I "C:\Documents and           #
#                          Settings\WinXP\桌面\ZIGBEE CC2530\ZIGBEE           #
#                          CC2530\ZIGBEE Z-STACK\ZStack-CC2530-2.3.0-1.4.0\Pr #
#                          ojects\zstack\Sensor Network Application\ZIGBEE    #
#                          Endpoint & Device\CC2530DB\..\..\..\..\..\COMPONEN #
#                          TS\SERVICES\SDATA\" -I "C:\Documents and           #
#                          Settings\WinXP\桌面\ZIGBEE CC2530\ZIGBEE           #
#                          CC2530\ZIGBEE Z-STACK\ZStack-CC2530-2.3.0-1.4.0\Pr #
#                          ojects\zstack\Sensor Network Application\ZIGBEE    #
#                          Endpoint & Device\CC2530DB\..\..\..\..\..\COMPONEN #
#                          TS\MAC\INCLUDE\" -I "C:\Documents and              #
#                          Settings\WinXP\桌面\ZIGBEE CC2530\ZIGBEE           #
#                          CC2530\ZIGBEE Z-STACK\ZStack-CC2530-2.3.0-1.4.0\Pr #
#                          ojects\zstack\Sensor Network Application\ZIGBEE    #
#                          Endpoint & Device\CC2530DB\..\..\..\..\..\COMPONEN #
#                          TS\MAC\HIGH_LEVEL\" -I "C:\Documents and           #
#                          Settings\WinXP\桌面\ZIGBEE CC2530\ZIGBEE           #
#                          CC2530\ZIGBEE Z-STACK\ZStack-CC2530-2.3.0-1.4.0\Pr #
#                          ojects\zstack\Sensor Network Application\ZIGBEE    #
#                          Endpoint & Device\CC2530DB\..\..\..\..\..\COMPONEN #
#                          TS\MAC\LOW_LEVEL\srf04\" -I "C:\Documents and      #
#                          Settings\WinXP\桌面\ZIGBEE CC2530\ZIGBEE           #
#                          CC2530\ZIGBEE Z-STACK\ZStack-CC2530-2.3.0-1.4.0\Pr #
#                          ojects\zstack\Sensor Network Application\ZIGBEE    #
#                          Endpoint & Device\CC2530DB\..\..\..\..\..\COMPONEN #
#                          TS\MAC\LOW_LEVEL\srf04\SINGLE_CHIP\" -I            #
#                          "C:\Program Files\IAR Systems\Embedded Workbench   #
#                          5.3\8051\INC\" -I "C:\Program Files\IAR            #
#                          Systems\Embedded Workbench 5.3\8051\INC\CLIB\"     #
#                          -Ohz                                               #
#    List file          =  C:\Documents and Settings\WinXP\桌面\ZIGBEE        #
#                          CC2530\ZIGBEE CC2530\ZIGBEE                        #
#                          Z-STACK\ZStack-CC2530-2.3.0-1.4.0\Projects\zstack\ #
#                          Sensor Network Application\ZIGBEE Endpoint &       #
#                          Device\CC2530DB\EndDeviceEB_M220\List\M140.lst     #
#    Object file        =  C:\Documents and Settings\WinXP\桌面\ZIGBEE        #
#                          CC2530\ZIGBEE CC2530\ZIGBEE                        #
#                          Z-STACK\ZStack-CC2530-2.3.0-1.4.0\Projects\zstack\ #
#                          Sensor Network Application\ZIGBEE Endpoint &       #
#                          Device\CC2530DB\EndDeviceEB_M220\Obj\M140.r51      #
#                                                                             #
#                                                                             #
###############################################################################

C:\Documents and Settings\WinXP\桌面\ZIGBEE CC2530\ZIGBEE CC2530\ZIGBEE Z-STACK\ZStack-CC2530-2.3.0-1.4.0\Components\hal\module\M140.c
      1          //-------------------------------------------------------------------
      2          // Filename: M140.c
      3          // Description: hal M140 library
      4          //-------------------------------------------------------------------
      5          //-------------------------------------------------------------------
      6          // INCLUDES
      7          //-------------------------------------------------------------------
      8          #include "hal_mcu.h"

   \                                 In  segment SFR_AN, at 0x80
   \   union <unnamed> volatile __sfr _A_P0
   \                     _A_P0:
   \   000000                DS 1

   \                                 In  segment SFR_AN, at 0xf3
   \   unsigned char volatile __sfr P0SEL
   \                     P0SEL:
   \   000000                DS 1

   \                                 In  segment SFR_AN, at 0xfd
   \   unsigned char volatile __sfr P0DIR
   \                     P0DIR:
   \   000000                DS 1
      9          #include "hal_board.h"
     10          #include "hal_digio.h"
     11          #include "hal_keypad.h"
     12          #include "M140.h"
     13          
     14          //-------------------------------------------------------------------
     15          // LOCAL VARIABLES
     16          //-------------------------------------------------------------------

   \                                 In  segment XDATA_Z, align 1, keep-with-next
     17          uint16 M140_Value;
   \                     M140_Value:
   \   000000                DS 2
   \   000002                REQUIRE __INIT_XDATA_Z
     18          
     19          uint8 M140_SpiRW(uint8 ch);
     20          void ADT7301_Start(void);
     21          void ADT7301_Read(void);
     22          
     23          //-------------------------------------------------------------------
     24          // LOCAL FUNCTIONS
     25          //-------------------------------------------------------------------
     26          //--------------------------------------------
     27          // The M140 module SPI read, write
     28          //--------------------------------------------

   \                                 In  segment BANKED_CODE, align 1, keep-with-next
     29          uint8 M140_SpiRW(uint8 ch)
   \                     M140_SpiRW:
     30          {
   \   000000                ; Saved register size: 0
   \   000000                ; Auto size: 0
   \   000000   E9           MOV     A,R1
     31              uint8 i, cmd, ret;
     32          
     33              cmd = ch;
   \   000001   FB           MOV     R3,A
     34              for (i = 0; i < 8; i++)
   \   000002   7A08         MOV     R2,#0x8
     35              {
     36                  HAL_SPI_CLK_CLR();
   \                     ??M140_SpiRW_0:
   \   000004   C285         CLR     0x80.5
     37                  if (cmd &0x80)
   \   000006   EB           MOV     A,R3
   \   000007   A2E7         MOV     C,0xE0 /* A   */.7
   \   000009   5004         JNC     ??M140_SpiRW_1
     38                  {
     39                      HAL_SPI_MOSI_SET();
   \   00000B   D284         SETB    0x80.4
   \   00000D   8002         SJMP    ??M140_SpiRW_2
     40                  }
     41                  else
     42                  {
     43                      HAL_SPI_MOSI_CLR();
   \                     ??M140_SpiRW_1:
   \   00000F   C284         CLR     0x80.4
     44                  }
     45                  cmd <<= 1;
   \                     ??M140_SpiRW_2:
   \   000011   C3           CLR     C
   \   000012   33           RLC     A
   \   000013   FB           MOV     R3,A
     46                  ret <<= 1;
   \   000014   E9           MOV     A,R1
   \   000015   C3           CLR     C
   \   000016   33           RLC     A
   \   000017   F9           MOV     R1,A
     47                  HAL_SPI_CLK_SET();
   \   000018   D285         SETB    0x80.5
     48                  if (HAL_SPI_MISO_VAL())
   \   00001A   A286         MOV     C,0x80.6
   \   00001C   5003         JNC     ??M140_SpiRW_3
     49                  {
     50                      ret |= 0x01;
   \   00001E   D2E0         SETB    0xE0 /* A   */.0
   \   000020   F9           MOV     R1,A
     51                  }
     52              }
   \                     ??M140_SpiRW_3:
   \   000021   1A           DEC     R2
   \   000022   EA           MOV     A,R2
   \   000023   70DF         JNZ     ??M140_SpiRW_0
     53              HAL_SPI_MOSI_SET();
   \   000025   D284         SETB    0x80.4
     54              return ret;
   \   000027   02....       LJMP    ?BRET
   \   00002A                REQUIRE _A_P0
     55          }
     56          
     57          //--------------------------------------------
     58          // Start the ADT7301
     59          //--------------------------------------------

   \                                 In  segment BANKED_CODE, align 1, keep-with-next
     60          void ADT7301_Start(void)
   \                     ADT7301_Start:
     61          {
   \   000000   C082         PUSH    DPL
   \   000002   C083         PUSH    DPH
   \   000004                ; Saved register size: 2
   \   000004                ; Auto size: 0
     62              HAL_SPI_CS_EN();
   \   000004   C287         CLR     0x80.7
     63              M140_SpiRW(0x00);
   \   000006                ; Setup parameters for call to function M140_SpiRW
   \   000006   7900         MOV     R1,#0x0
   \   000008   12....       LCALL   ??M140_SpiRW?relay
     64              M140_SpiRW(0x00);
   \   00000B                ; Setup parameters for call to function M140_SpiRW
   \   00000B   7900         MOV     R1,#0x0
   \   00000D   12....       LCALL   ??M140_SpiRW?relay
     65              HAL_SPI_CS_DIS();
   \   000010   D287         SETB    0x80.7
     66          }
   \   000012                REQUIRE ?Subroutine1
   \   000012                REQUIRE _A_P0
   \   000012                ; // Fall through to label ?Subroutine1

   \                                 In  segment BANKED_CODE, align 1, keep-with-next
   \                     ?Subroutine1:
   \   000000   D083         POP     DPH
   \   000002   D082         POP     DPL
   \   000004   02....       LJMP    ?BRET
     67          
     68          //--------------------------------------------
     69          // Read the ADT7301 
     70          //--------------------------------------------

   \                                 In  segment BANKED_CODE, align 1, keep-with-next
     71          void ADT7301_Read(void)
   \                     ADT7301_Read:
     72          {
   \   000000   74F7         MOV     A,#-0x9
   \   000002   12....       LCALL   ?BANKED_ENTER_XDATA
   \   000005                ; Saved register size: 9
   \   000005                ; Auto size: 0
     73              HAL_SPI_CS_EN();
   \   000005   C287         CLR     0x80.7
     74              M140_Value = M140_SpiRW(0x20);
   \   000007                ; Setup parameters for call to function M140_SpiRW
   \   000007   7920         MOV     R1,#0x20
   \   000009   12....       LCALL   ??M140_SpiRW?relay
   \   00000C   E9           MOV     A,R1
   \   00000D   90....       MOV     DPTR,#M140_Value
   \   000010   F0           MOVX    @DPTR,A
   \   000011   A3           INC     DPTR
   \   000012   E4           CLR     A
   \   000013   F0           MOVX    @DPTR,A
     75              M140_Value = (M140_Value << 8) + M140_SpiRW(0x00);
   \   000014   90....       MOV     DPTR,#M140_Value
   \   000017   E0           MOVX    A,@DPTR
   \   000018   FF           MOV     R7,A
   \   000019                ; Setup parameters for call to function M140_SpiRW
   \   000019   7900         MOV     R1,#0x0
   \   00001B   12....       LCALL   ??M140_SpiRW?relay
   \   00001E   E9           MOV     A,R1
   \   00001F   2400         ADD     A,#0x0
   \   000021   F8           MOV     R0,A
   \   000022   E4           CLR     A
   \   000023   3F           ADDC    A,R7
   \   000024   F9           MOV     R1,A
   \   000025   90....       MOV     DPTR,#M140_Value
   \   000028   E8           MOV     A,R0
   \   000029   F0           MOVX    @DPTR,A
   \   00002A   A3           INC     DPTR
   \   00002B   E9           MOV     A,R1
   \   00002C   F0           MOVX    @DPTR,A
     76              HAL_SPI_CS_DIS();
   \   00002D   D287         SETB    0x80.7
     77          }
   \   00002F   7F01         MOV     R7,#0x1
   \   000031   02....       LJMP    ?BANKED_LEAVE_XDATA
   \   000034                REQUIRE _A_P0
     78          
     79          //-------------------------------------------------------------------
     80          // GLOBAL FUNCTIONS
     81          //-------------------------------------------------------------------
     82          //--------------------------------------------
     83          // Initilization M140 module
     84          //--------------------------------------------

   \                                 In  segment BANKED_CODE, align 1, keep-with-next
     85          void M140_Init(void)
   \                     M140_Init:
     86          {   
   \   000000   C082         PUSH    DPL
   \   000002   C083         PUSH    DPH
   \   000004                ; Saved register size: 2
   \   000004                ; Auto size: 0
     87              HAL_SPI_MISO_INPUT();
   \   000004   53F3BF       ANL     0xf3,#0xbf
   \   000007   53FDBF       ANL     0xfd,#0xbf
     88              HAL_SPI_MOSI_OUTPUT();
   \   00000A   53F3EF       ANL     0xf3,#0xef
   \   00000D   43FD10       ORL     0xfd,#0x10
     89              HAL_SPI_CLK_OUTPUT();
   \   000010   53F3DF       ANL     0xf3,#0xdf
   \   000013   43FD20       ORL     0xfd,#0x20
     90              HAL_SPI_CS_OUTPUT();
   \   000016   53F37F       ANL     0xf3,#0x7f
   \   000019   43FD80       ORL     0xfd,#0x80
     91              
     92              ADT7301_Start();
   \   00001C                ; Setup parameters for call to function ADT7301_Start
   \   00001C   12....       LCALL   ?Subroutine0 & 0xFFFF
     93              halMcuWaitMs(2);
     94              ADT7301_Read();
     95          }
   \                     ??CrossCallReturnLabel_0:
   \   00001F   80..         SJMP    ?Subroutine1
   \   000021                REQUIRE P0SEL
   \   000021                REQUIRE P0DIR

   \                                 In  segment BANKED_CODE, align 1, keep-with-next
   \                     ?Subroutine0:
   \   000000   12....       LCALL   ??ADT7301_Start?relay
   \   000003                ; Setup parameters for call to function halMcuWaitMs
   \   000003                ; Setup parameters for call to function halMcuWaitMs
   \   000003   7A02         MOV     R2,#0x2
   \   000005   7B00         MOV     R3,#0x0
   \   000007   12....       LCALL   ??halMcuWaitMs?relay
   \   00000A                ; Setup parameters for call to function ADT7301_Read
   \   00000A                ; Setup parameters for call to function ADT7301_Read
   \   00000A   12....       LCALL   ??ADT7301_Read?relay
   \   00000D   22           RET
     96          
     97          //--------------------------------------------
     98          // Get the M140 sensor module value
     99          //--------------------------------------------

   \                                 In  segment BANKED_CODE, align 1, keep-with-next
    100          uint16 M140_GetValue(void)
   \                     M140_GetValue:
    101          {
   \   000000   C082         PUSH    DPL
   \   000002   C083         PUSH    DPH
   \   000004                ; Saved register size: 2
   \   000004                ; Auto size: 0
    102              ADT7301_Start();
   \   000004                ; Setup parameters for call to function ADT7301_Start
   \   000004   12....       LCALL   ?Subroutine0 & 0xFFFF
    103              halMcuWaitMs(2);
    104              ADT7301_Read();
    105              return M140_Value;
   \                     ??CrossCallReturnLabel_1:
   \   000007   90....       MOV     DPTR,#M140_Value
   \   00000A   E0           MOVX    A,@DPTR
   \   00000B   FA           MOV     R2,A
   \   00000C   A3           INC     DPTR
   \   00000D   E0           MOVX    A,@DPTR
   \   00000E   FB           MOV     R3,A
   \   00000F   80..         SJMP    ?Subroutine1
    106          }

   \                                 In  segment BANK_RELAYS, align 1
   \                     ??M140_SpiRW?relay:
   \   000000   12....       LCALL   ?BDISPATCH
   \   000003   ......       DC24    M140_SpiRW

   \                                 In  segment BANK_RELAYS, align 1
   \                     ??ADT7301_Start?relay:
   \   000000   12....       LCALL   ?BDISPATCH
   \   000003   ......       DC24    ADT7301_Start

   \                                 In  segment BANK_RELAYS, align 1
   \                     ??ADT7301_Read?relay:
   \   000000   12....       LCALL   ?BDISPATCH
   \   000003   ......       DC24    ADT7301_Read

   \                                 In  segment BANK_RELAYS, align 1
   \                     ??M140_Init?relay:
   \   000000   12....       LCALL   ?BDISPATCH
   \   000003   ......       DC24    M140_Init

   \                                 In  segment BANK_RELAYS, align 1
   \                     ??M140_GetValue?relay:
   \   000000   12....       LCALL   ?BDISPATCH
   \   000003   ......       DC24    M140_GetValue
    107          

   Maximum stack usage in bytes:

     Function           ISTACK PSTACK XSTACK
     --------           ------ ------ ------
     ADT7301_Read           0      0      9
       -> M140_SpiRW        0      0     18
       -> M140_SpiRW        0      0     18
     ADT7301_Start          2      0      0
       -> M140_SpiRW        4      0      0
       -> M140_SpiRW        4      0      0
     M140_GetValue          2      0      0
       -> ADT7301_Start     4      0      0
       -> halMcuWaitMs      4      0      0
       -> ADT7301_Read      4      0      0
     M140_Init              2      0      0
       -> ADT7301_Start     4      0      0
       -> halMcuWaitMs      4      0      0
       -> ADT7301_Read      4      0      0
     M140_SpiRW             0      0      9


   Segment part sizes:

     Function/Label        Bytes
     --------------        -----
     _A_P0                    1
     P0SEL                    1
     P0DIR                    1
     M140_Value               2
     M140_SpiRW              42
     ADT7301_Start           18
     ?Subroutine1             7
     ADT7301_Read            52
     M140_Init               33
     ?Subroutine0            14
     M140_GetValue           17
     ??M140_SpiRW?relay       6
     ??ADT7301_Start?relay    6
     ??ADT7301_Read?relay     6
     ??M140_Init?relay        6
     ??M140_GetValue?relay    6

 
 183 bytes in segment BANKED_CODE
  30 bytes in segment BANK_RELAYS
   3 bytes in segment SFR_AN
   2 bytes in segment XDATA_Z
 
 213 bytes of CODE  memory
   0 bytes of DATA  memory (+ 3 bytes shared)
   2 bytes of XDATA memory

Errors: none
Warnings: none
